../Drivers/CMSIS/Include/core_cm3.h:1876:26:ITM_SendChar	16	static,ignoring_inline_asm
../Core/Src/main.c:122:10:measure_dist	32	static
../Core/Src/main.c:174:10:average_dist	32	static
../Core/Src/main.c:192:7:calc_v_batt	8	static
../Core/Src/main.c:211:5:calc_PWM	16	static
../Core/Src/main.c:218:5:calc_distance	4	static
../Core/Src/main.c:223:5:calc_angle	16	static
../Core/Src/main.c:240:6:HAL_TIM_IC_CaptureCallback	16	static
../Core/Src/main.c:264:6:IR_test	24	static
../Core/Src/main.c:281:5:min	16	static
../Core/Src/main.c:287:5:max	16	static
../Core/Src/main.c:292:6:kickstart_motors	8	static
../Core/Src/main.c:312:5:main	8	static
../Core/Src/main.c:390:6:SystemClock_Config	88	static
../Core/Src/main.c:437:13:MX_ADC1_Init	24	static
../Core/Src/main.c:484:13:MX_TIM2_Init	64	static
../Core/Src/main.c:547:13:MX_TIM3_Init	56	static
../Core/Src/main.c:596:13:MX_TIM4_Init	56	static
../Core/Src/main.c:645:13:MX_GPIO_Init	40	static
../Core/Src/main.c:684:5:_write	32	static
../Core/Src/main.c:696:13:ADC1_Select_CH1	24	static
../Core/Src/main.c:708:13:ADC1_Select_CH4	24	static
../Core/Src/main.c:720:13:ADC1_Select_CH5	24	static
../Core/Src/main.c:732:13:ADC1_Select_CH8	24	static
../Core/Src/main.c:744:13:ADC1_Select_CH9	24	static
../Core/Src/main.c:756:6:HAL_TIM_PeriodElapsedCallback	16	static
../Core/Src/main.c:782:6:Error_Handler	4	static,ignoring_inline_asm
