../Drivers/CMSIS/Include/core_cm3.h:1876:26:ITM_SendChar	16	static,ignoring_inline_asm
../Core/Src/main.c:162:10:measure_dist	32	static
../Core/Src/main.c:214:10:scaled_average	40	static
../Core/Src/main.c:232:7:calc_v_batt	8	static
../Core/Src/main.c:251:5:calc_PWM	16	static
../Core/Src/main.c:257:5:calc_distance	4	static
../Core/Src/main.c:262:5:calc_angle	8	static
../Core/Src/main.c:279:6:HAL_TIM_IC_CaptureCallback	16	static
../Core/Src/main.c:303:6:reset_encoders	4	static
../Core/Src/main.c:309:6:IR_test	16	static
../Core/Src/main.c:318:5:wallCheck	24	static
../Core/Src/main.c:330:7:min	16	static
../Core/Src/main.c:336:7:max	16	static
../Core/Src/main.c:341:6:kickstart_motors	8	static
../Core/Src/main.c:356:6:stop	8	static
../Core/Src/main.c:370:6:move_forward	8	static
../Core/Src/main.c:394:6:left_turn	8	static
../Core/Src/main.c:421:6:right_turn	8	static
../Core/Src/main.c:448:6:about_turn	8	static
../Core/Src/main.c:480:5:main	8	static
../Core/Src/main.c:549:6:SystemClock_Config	88	static
../Core/Src/main.c:596:13:MX_ADC1_Init	24	static
../Core/Src/main.c:643:13:MX_TIM2_Init	64	static
../Core/Src/main.c:706:13:MX_TIM3_Init	56	static
../Core/Src/main.c:755:13:MX_TIM4_Init	56	static
../Core/Src/main.c:804:13:MX_GPIO_Init	40	static
../Core/Src/main.c:854:5:_write	32	static
../Core/Src/main.c:866:13:ADC1_Select_CH1	24	static
../Core/Src/main.c:878:13:ADC1_Select_CH4	24	static
../Core/Src/main.c:890:13:ADC1_Select_CH5	24	static
../Core/Src/main.c:902:13:ADC1_Select_CH8	24	static
../Core/Src/main.c:914:13:ADC1_Select_CH9	24	static
../Core/Src/main.c:926:6:HAL_TIM_PeriodElapsedCallback	24	static
../Core/Src/main.c:1015:6:Error_Handler	4	static,ignoring_inline_asm
