../Core/Src/main.c:99:5:min	16	static
../Core/Src/main.c:105:5:max	16	static
../Core/Src/main.c:117:5:main	8	static
../Core/Src/main.c:178:6:SystemClock_Config	88	static
../Core/Src/main.c:225:13:MX_ADC1_Init	24	static
../Core/Src/main.c:272:13:MX_TIM2_Init	48	static
../Core/Src/main.c:325:13:MX_TIM3_Init	56	static
../Core/Src/main.c:374:13:MX_TIM4_Init	56	static
../Core/Src/main.c:423:13:MX_GPIO_Init	40	static
../Core/Src/main.c:462:6:ADC1_Select_CH1	24	static
../Core/Src/main.c:492:6:Error_Handler	4	static,ignoring_inline_asm
