../Drivers/CMSIS/Include/core_cm3.h:1876:26:ITM_SendChar	16	static,ignoring_inline_asm
../Core/Src/main.c:154:10:measure_dist	32	static
../Core/Src/main.c:206:10:average_dist	32	static
../Core/Src/main.c:224:7:calc_v_batt	8	static
../Core/Src/main.c:243:5:calc_PWM	16	static
../Core/Src/main.c:249:5:calc_distance	4	static
../Core/Src/main.c:254:5:calc_angle	16	static
../Core/Src/main.c:271:6:HAL_TIM_IC_CaptureCallback	16	static
../Core/Src/main.c:295:6:IR_test	16	static
../Core/Src/main.c:315:7:min	16	static
../Core/Src/main.c:321:7:max	16	static
../Core/Src/main.c:326:6:kickstart_motors	8	static
../Core/Src/main.c:341:6:set_stop	8	static
../Core/Src/main.c:355:6:set_move_forward	8	static
../Core/Src/main.c:366:6:set_left_turn	8	static
../Core/Src/main.c:377:6:set_right_turn	8	static
../Core/Src/main.c:388:6:set_about_turn	8	static
../Core/Src/main.c:404:5:main	8	static
../Core/Src/main.c:473:6:SystemClock_Config	88	static
../Core/Src/main.c:520:13:MX_ADC1_Init	24	static
../Core/Src/main.c:567:13:MX_TIM2_Init	64	static
../Core/Src/main.c:630:13:MX_TIM3_Init	56	static
../Core/Src/main.c:679:13:MX_TIM4_Init	56	static
../Core/Src/main.c:728:13:MX_GPIO_Init	40	static
../Core/Src/main.c:778:5:_write	32	static
../Core/Src/main.c:790:13:ADC1_Select_CH1	24	static
../Core/Src/main.c:802:13:ADC1_Select_CH4	24	static
../Core/Src/main.c:814:13:ADC1_Select_CH5	24	static
../Core/Src/main.c:826:13:ADC1_Select_CH8	24	static
../Core/Src/main.c:838:13:ADC1_Select_CH9	24	static
../Core/Src/main.c:850:6:HAL_TIM_PeriodElapsedCallback	32	static
../Core/Src/main.c:951:6:Error_Handler	4	static,ignoring_inline_asm
