../Drivers/CMSIS/Include/core_cm3.h:1876:26:ITM_SendChar	16	static,ignoring_inline_asm
../Core/Src/main.c:155:10:measure_dist	32	static
../Core/Src/main.c:207:10:average_dist	32	static
../Core/Src/main.c:225:7:calc_v_batt	8	static
../Core/Src/main.c:244:5:calc_PWM	16	static
../Core/Src/main.c:250:5:calc_distance	4	static
../Core/Src/main.c:255:5:calc_angle	16	static
../Core/Src/main.c:272:6:HAL_TIM_IC_CaptureCallback	16	static
../Core/Src/main.c:296:6:IR_test	16	static
../Core/Src/main.c:316:7:min	16	static
../Core/Src/main.c:322:7:max	16	static
../Core/Src/main.c:327:6:kickstart_motors	8	static
../Core/Src/main.c:342:6:set_stop	8	static
../Core/Src/main.c:356:6:set_move_forward	8	static
../Core/Src/main.c:367:6:set_left_turn	8	static
../Core/Src/main.c:378:6:set_right_turn	8	static
../Core/Src/main.c:389:6:set_about_turn	8	static
../Core/Src/main.c:405:5:main	8	static
../Core/Src/main.c:477:6:SystemClock_Config	88	static
../Core/Src/main.c:524:13:MX_ADC1_Init	24	static
../Core/Src/main.c:571:13:MX_TIM2_Init	64	static
../Core/Src/main.c:634:13:MX_TIM3_Init	56	static
../Core/Src/main.c:683:13:MX_TIM4_Init	56	static
../Core/Src/main.c:732:13:MX_GPIO_Init	40	static
../Core/Src/main.c:782:5:_write	32	static
../Core/Src/main.c:794:13:ADC1_Select_CH1	24	static
../Core/Src/main.c:806:13:ADC1_Select_CH4	24	static
../Core/Src/main.c:818:13:ADC1_Select_CH5	24	static
../Core/Src/main.c:830:13:ADC1_Select_CH8	24	static
../Core/Src/main.c:842:13:ADC1_Select_CH9	24	static
../Core/Src/main.c:854:6:HAL_TIM_PeriodElapsedCallback	32	static
../Core/Src/main.c:957:6:Error_Handler	4	static,ignoring_inline_asm
