../Core/Src/main.c:98:10:measure_dist	32	static
../Core/Src/main.c:150:5:calc_distance	4	static
../Core/Src/main.c:155:5:calc_angle	16	static
../Core/Src/main.c:172:6:HAL_TIM_IC_CaptureCallback	16	static
../Core/Src/main.c:196:6:motor_test	8	static
../Core/Src/main.c:228:6:IR_test	8	static
../Core/Src/main.c:236:5:min	16	static
../Core/Src/main.c:242:5:max	16	static
../Core/Src/main.c:252:5:main	8	static
../Core/Src/main.c:336:6:SystemClock_Config	88	static
../Core/Src/main.c:383:13:MX_ADC1_Init	24	static
../Core/Src/main.c:430:13:MX_TIM2_Init	48	static
../Core/Src/main.c:483:13:MX_TIM3_Init	56	static
../Core/Src/main.c:532:13:MX_TIM4_Init	56	static
../Core/Src/main.c:581:13:MX_GPIO_Init	40	static
../Core/Src/main.c:620:13:ADC1_Select_CH4	24	static
../Core/Src/main.c:632:13:ADC1_Select_CH5	24	static
../Core/Src/main.c:644:13:ADC1_Select_CH8	24	static
../Core/Src/main.c:656:13:ADC1_Select_CH9	24	static
../Core/Src/main.c:673:6:Error_Handler	4	static,ignoring_inline_asm
