../Drivers/CMSIS/Include/core_cm3.h:1876:26:ITM_SendChar	16	static,ignoring_inline_asm
../Core/Src/main.c:123:10:measure_dist	32	static
../Core/Src/main.c:175:10:average_dist	32	static
../Core/Src/main.c:193:7:calc_v_batt	8	static
../Core/Src/main.c:212:5:calc_PWM	16	static
../Core/Src/main.c:217:5:calc_distance	4	static
../Core/Src/main.c:222:5:calc_angle	16	static
../Core/Src/main.c:239:6:HAL_TIM_IC_CaptureCallback	16	static
../Core/Src/main.c:263:6:motor_test	8	static
../Core/Src/main.c:295:6:left_motor_test	8	static
../Core/Src/main.c:305:6:IR_test	24	static
../Core/Src/main.c:321:6:PWM_graph_test	8	static
../Core/Src/main.c:342:5:min	16	static
../Core/Src/main.c:348:5:max	16	static
../Core/Src/main.c:358:5:main	8	static
../Core/Src/main.c:417:6:SystemClock_Config	88	static
../Core/Src/main.c:464:13:MX_ADC1_Init	24	static
../Core/Src/main.c:511:13:MX_TIM2_Init	64	static
../Core/Src/main.c:574:13:MX_TIM3_Init	56	static
../Core/Src/main.c:623:13:MX_TIM4_Init	56	static
../Core/Src/main.c:672:13:MX_GPIO_Init	40	static
../Core/Src/main.c:717:5:_write	32	static
../Core/Src/main.c:729:13:ADC1_Select_CH1	24	static
../Core/Src/main.c:741:13:ADC1_Select_CH4	24	static
../Core/Src/main.c:753:13:ADC1_Select_CH5	24	static
../Core/Src/main.c:765:13:ADC1_Select_CH8	24	static
../Core/Src/main.c:777:13:ADC1_Select_CH9	24	static
../Core/Src/main.c:789:6:HAL_TIM_PeriodElapsedCallback	16	static
../Core/Src/main.c:815:6:Error_Handler	4	static,ignoring_inline_asm
