../Drivers/CMSIS/Include/core_cm3.h:1876:26:ITM_SendChar	16	static,ignoring_inline_asm
../Core/Src/main.c:123:10:measure_dist	32	static
../Core/Src/main.c:175:10:average_dist	32	static
../Core/Src/main.c:193:7:calc_v_batt	8	static
../Core/Src/main.c:212:5:calc_PWM	16	static
../Core/Src/main.c:218:5:calc_distance	4	static
../Core/Src/main.c:223:5:calc_angle	16	static
../Core/Src/main.c:240:6:HAL_TIM_IC_CaptureCallback	16	static
../Core/Src/main.c:264:6:IR_test	24	static
../Core/Src/main.c:278:5:min	16	static
../Core/Src/main.c:284:5:max	16	static
../Core/Src/main.c:289:6:kickstart_motors	8	static
../Core/Src/main.c:309:5:main	8	static
../Core/Src/main.c:394:6:SystemClock_Config	88	static
../Core/Src/main.c:441:13:MX_ADC1_Init	24	static
../Core/Src/main.c:488:13:MX_TIM2_Init	64	static
../Core/Src/main.c:551:13:MX_TIM3_Init	56	static
../Core/Src/main.c:600:13:MX_TIM4_Init	56	static
../Core/Src/main.c:649:13:MX_GPIO_Init	40	static
../Core/Src/main.c:699:5:_write	32	static
../Core/Src/main.c:711:13:ADC1_Select_CH1	24	static
../Core/Src/main.c:723:13:ADC1_Select_CH4	24	static
../Core/Src/main.c:735:13:ADC1_Select_CH5	24	static
../Core/Src/main.c:747:13:ADC1_Select_CH8	24	static
../Core/Src/main.c:759:13:ADC1_Select_CH9	24	static
../Core/Src/main.c:771:6:HAL_TIM_PeriodElapsedCallback	16	static
../Core/Src/main.c:797:6:Error_Handler	4	static,ignoring_inline_asm
