../Core/Src/main.c:105:10:measure_dist	32	static
../Core/Src/main.c:157:7:calc_v_batt	8	static
../Core/Src/main.c:176:5:calc_PWM	16	static
../Core/Src/main.c:181:5:calc_distance	4	static
../Core/Src/main.c:186:5:calc_angle	16	static
../Core/Src/main.c:203:6:HAL_TIM_IC_CaptureCallback	16	static
../Core/Src/main.c:227:6:motor_test	8	static
../Core/Src/main.c:259:6:left_motor_test	8	static
../Core/Src/main.c:269:6:IR_test	8	static
../Core/Src/main.c:277:5:min	16	static
../Core/Src/main.c:283:5:max	16	static
../Core/Src/main.c:293:5:main	8	static
../Core/Src/main.c:380:6:SystemClock_Config	88	static
../Core/Src/main.c:427:13:MX_ADC1_Init	24	static
../Core/Src/main.c:474:13:MX_TIM2_Init	48	static
../Core/Src/main.c:527:13:MX_TIM3_Init	56	static
../Core/Src/main.c:576:13:MX_TIM4_Init	56	static
../Core/Src/main.c:625:13:MX_GPIO_Init	40	static
../Core/Src/main.c:664:13:ADC1_Select_CH1	24	static
../Core/Src/main.c:676:13:ADC1_Select_CH4	24	static
../Core/Src/main.c:688:13:ADC1_Select_CH5	24	static
../Core/Src/main.c:700:13:ADC1_Select_CH8	24	static
../Core/Src/main.c:712:13:ADC1_Select_CH9	24	static
../Core/Src/main.c:729:6:Error_Handler	4	static,ignoring_inline_asm
