../Drivers/CMSIS/Include/core_cm3.h:1876:26:ITM_SendChar	16	static,ignoring_inline_asm
../Core/Src/main.c:143:10:measure_dist	32	static
../Core/Src/main.c:195:10:average_dist	32	static
../Core/Src/main.c:213:7:calc_v_batt	8	static
../Core/Src/main.c:232:5:calc_PWM	16	static
../Core/Src/main.c:238:5:calc_distance	4	static
../Core/Src/main.c:243:5:calc_angle	16	static
../Core/Src/main.c:260:6:HAL_TIM_IC_CaptureCallback	16	static
../Core/Src/main.c:284:6:IR_test	24	static
../Core/Src/main.c:298:7:min	16	static
../Core/Src/main.c:304:7:max	16	static
../Core/Src/main.c:309:6:kickstart_motors	8	static
../Core/Src/main.c:324:6:stop	8	static
../Core/Src/main.c:335:6:move_forward	8	static
../Core/Src/main.c:346:6:left_turn	8	static
../Core/Src/main.c:357:6:right_turn	8	static
../Core/Src/main.c:368:6:about_turn	8	static
../Core/Src/main.c:384:5:main	8	static
../Core/Src/main.c:467:6:SystemClock_Config	88	static
../Core/Src/main.c:514:13:MX_ADC1_Init	24	static
../Core/Src/main.c:561:13:MX_TIM2_Init	64	static
../Core/Src/main.c:624:13:MX_TIM3_Init	56	static
../Core/Src/main.c:673:13:MX_TIM4_Init	56	static
../Core/Src/main.c:722:13:MX_GPIO_Init	40	static
../Core/Src/main.c:772:5:_write	32	static
../Core/Src/main.c:784:13:ADC1_Select_CH1	24	static
../Core/Src/main.c:796:13:ADC1_Select_CH4	24	static
../Core/Src/main.c:808:13:ADC1_Select_CH5	24	static
../Core/Src/main.c:820:13:ADC1_Select_CH8	24	static
../Core/Src/main.c:832:13:ADC1_Select_CH9	24	static
../Core/Src/main.c:844:6:HAL_TIM_PeriodElapsedCallback	16	static
../Core/Src/main.c:892:6:Error_Handler	4	static,ignoring_inline_asm
