../Drivers/CMSIS/Include/core_cm3.h:1876:26:ITM_SendChar	16	static,ignoring_inline_asm
../Core/Src/main.c:161:10:measure_dist	32	static
../Core/Src/main.c:213:10:scaled_average	40	static
../Core/Src/main.c:231:7:calc_v_batt	8	static
../Core/Src/main.c:250:5:calc_PWM	16	static
../Core/Src/main.c:256:5:calc_distance	4	static
../Core/Src/main.c:261:5:calc_angle	8	static
../Core/Src/main.c:278:6:HAL_TIM_IC_CaptureCallback	16	static
../Core/Src/main.c:302:6:IR_test	16	static
../Core/Src/main.c:311:5:wallCheck	24	static
../Core/Src/main.c:323:7:min	16	static
../Core/Src/main.c:329:7:max	16	static
../Core/Src/main.c:334:6:kickstart_motors	8	static
../Core/Src/main.c:349:6:stop	8	static
../Core/Src/main.c:363:6:move_forward	8	static
../Core/Src/main.c:387:6:left_turn	8	static
../Core/Src/main.c:410:6:right_turn	8	static
../Core/Src/main.c:433:6:about_turn	8	static
../Core/Src/main.c:460:5:main	16	static
../Core/Src/main.c:523:6:SystemClock_Config	88	static
../Core/Src/main.c:570:13:MX_ADC1_Init	24	static
../Core/Src/main.c:617:13:MX_TIM2_Init	64	static
../Core/Src/main.c:680:13:MX_TIM3_Init	56	static
../Core/Src/main.c:729:13:MX_TIM4_Init	56	static
../Core/Src/main.c:778:13:MX_GPIO_Init	40	static
../Core/Src/main.c:828:5:_write	32	static
../Core/Src/main.c:840:13:ADC1_Select_CH1	24	static
../Core/Src/main.c:852:13:ADC1_Select_CH4	24	static
../Core/Src/main.c:864:13:ADC1_Select_CH5	24	static
../Core/Src/main.c:876:13:ADC1_Select_CH8	24	static
../Core/Src/main.c:888:13:ADC1_Select_CH9	24	static
../Core/Src/main.c:900:6:HAL_TIM_PeriodElapsedCallback	24	static
../Core/Src/main.c:989:6:Error_Handler	4	static,ignoring_inline_asm
