../Drivers/CMSIS/Include/core_cm3.h:1876:26:ITM_SendChar	16	static,ignoring_inline_asm
../Core/Src/main.c:167:10:measure_dist	32	static
../Core/Src/main.c:219:10:scaled_average	40	static
../Core/Src/main.c:237:7:calc_v_batt	8	static
../Core/Src/main.c:256:5:calc_PWM	16	static
../Core/Src/main.c:262:5:calc_distance	4	static
../Core/Src/main.c:267:5:calc_angle	8	static
../Core/Src/main.c:272:6:HAL_TIM_IC_CaptureCallback	16	static
../Core/Src/main.c:296:6:IR_scan	24	static
../Core/Src/main.c:307:5:wallCheck	24	static
../Core/Src/main.c:319:7:within_bounds	16	static
../Core/Src/main.c:335:6:kickstart_motors	8	static
../Core/Src/main.c:350:6:stop	8	static
../Core/Src/main.c:364:6:move_forward	8	static
../Core/Src/main.c:393:6:left_turn	8	static
../Core/Src/main.c:423:6:right_turn	8	static
../Core/Src/main.c:451:6:about_turn	8	static
../Core/Src/main.c:484:5:main	8	static
../Core/Src/main.c:562:6:SystemClock_Config	88	static
../Core/Src/main.c:609:13:MX_ADC1_Init	24	static
../Core/Src/main.c:656:13:MX_TIM2_Init	64	static
../Core/Src/main.c:719:13:MX_TIM3_Init	56	static
../Core/Src/main.c:768:13:MX_TIM4_Init	56	static
../Core/Src/main.c:817:13:MX_GPIO_Init	40	static
../Core/Src/main.c:867:5:_write	32	static
../Core/Src/main.c:879:13:ADC1_Select_CH1	24	static
../Core/Src/main.c:891:13:ADC1_Select_CH4	24	static
../Core/Src/main.c:903:13:ADC1_Select_CH5	24	static
../Core/Src/main.c:915:13:ADC1_Select_CH8	24	static
../Core/Src/main.c:927:13:ADC1_Select_CH9	24	static
../Core/Src/main.c:939:6:HAL_TIM_PeriodElapsedCallback	24	static
../Core/Src/main.c:1027:6:Error_Handler	4	static,ignoring_inline_asm
