../Core/Src/main.c:88:5:min	16	static
../Core/Src/main.c:94:5:max	16	static
../Core/Src/main.c:99:6:HAL_TIM_PeriodElapsedCallback	16	static
../Core/Src/main.c:126:5:main	8	static
../Core/Src/main.c:188:6:SystemClock_Config	88	static
../Core/Src/main.c:235:13:MX_ADC1_Init	24	static
../Core/Src/main.c:282:13:MX_TIM2_Init	48	static
../Core/Src/main.c:336:13:MX_TIM3_Init	56	static
../Core/Src/main.c:385:13:MX_TIM4_Init	56	static
../Core/Src/main.c:434:13:MX_GPIO_Init	40	static
../Core/Src/main.c:473:6:ADC1_Select_CH1	24	static
../Core/Src/main.c:503:6:Error_Handler	4	static,ignoring_inline_asm
