../Core/Src/main.c:103:10:measure_dist	32	static
../Core/Src/main.c:155:7:calc_v_batt	8	static
../Core/Src/main.c:174:5:calc_PWM	16	static
../Core/Src/main.c:179:5:calc_distance	4	static
../Core/Src/main.c:184:5:calc_angle	16	static
../Core/Src/main.c:201:6:HAL_TIM_IC_CaptureCallback	16	static
../Core/Src/main.c:225:6:motor_test	8	static
../Core/Src/main.c:257:6:left_motor_test	8	static
../Core/Src/main.c:267:6:IR_test	8	static
../Core/Src/main.c:275:6:Center_Adjustment	16	static
../Core/Src/main.c:329:5:min	16	static
../Core/Src/main.c:335:5:max	16	static
../Core/Src/main.c:341:6:encoderStart	8	static
../Core/Src/main.c:346:10:getLeftEncoderValue	4	static
../Core/Src/main.c:350:10:getRightEncoderValue	4	static
../Core/Src/main.c:354:6:setLeftEncoderValue	16	static
../Core/Src/main.c:358:6:setRightEncoderValue	16	static
../Core/Src/main.c:361:6:resetLeftEncoder	4	static
../Core/Src/main.c:368:5:main	8	static
../Core/Src/main.c:470:6:SystemClock_Config	88	static
../Core/Src/main.c:517:13:MX_ADC1_Init	24	static
../Core/Src/main.c:564:13:MX_TIM2_Init	48	static
../Core/Src/main.c:617:13:MX_TIM3_Init	56	static
../Core/Src/main.c:666:13:MX_TIM4_Init	56	static
../Core/Src/main.c:715:13:MX_GPIO_Init	40	static
../Core/Src/main.c:754:13:ADC1_Select_CH1	24	static
../Core/Src/main.c:766:13:ADC1_Select_CH4	24	static
../Core/Src/main.c:778:13:ADC1_Select_CH5	24	static
../Core/Src/main.c:790:13:ADC1_Select_CH8	24	static
../Core/Src/main.c:802:13:ADC1_Select_CH9	24	static
../Core/Src/main.c:819:6:Error_Handler	4	static,ignoring_inline_asm
