../Core/Src/main.c:100:5:min	16	static
../Core/Src/main.c:106:5:max	16	static
../Core/Src/main.c:118:5:main	8	static
../Core/Src/main.c:179:6:SystemClock_Config	88	static
../Core/Src/main.c:226:13:MX_ADC1_Init	24	static
../Core/Src/main.c:273:13:MX_TIM2_Init	48	static
../Core/Src/main.c:326:13:MX_TIM3_Init	56	static
../Core/Src/main.c:375:13:MX_TIM4_Init	56	static
../Core/Src/main.c:424:13:MX_GPIO_Init	40	static
../Core/Src/main.c:463:6:ADC1_Select_CH1	24	static
../Core/Src/main.c:493:6:Error_Handler	4	static,ignoring_inline_asm
