../Core/Src/main.c:90:10:measure_dist	32	static
../Core/Src/main.c:142:5:calc_distance	4	static
../Core/Src/main.c:147:5:calc_angle	8	static
../Core/Src/main.c:152:6:HAL_TIM_IC_CaptureCallback	16	static
../Core/Src/main.c:176:6:motor_test	8	static
../Core/Src/main.c:208:6:IR_test	8	static
../Core/Src/main.c:221:5:main	8	static
../Core/Src/main.c:289:6:SystemClock_Config	88	static
../Core/Src/main.c:336:13:MX_ADC1_Init	24	static
../Core/Src/main.c:383:13:MX_TIM2_Init	48	static
../Core/Src/main.c:436:13:MX_TIM3_Init	56	static
../Core/Src/main.c:485:13:MX_TIM4_Init	56	static
../Core/Src/main.c:534:13:MX_GPIO_Init	40	static
../Core/Src/main.c:573:13:ADC1_Select_CH4	24	static
../Core/Src/main.c:585:13:ADC1_Select_CH5	24	static
../Core/Src/main.c:597:13:ADC1_Select_CH8	24	static
../Core/Src/main.c:609:13:ADC1_Select_CH9	24	static
../Core/Src/main.c:626:6:Error_Handler	4	static,ignoring_inline_asm
