../Core/Src/main.c:87:5:min	16	static
../Core/Src/main.c:93:5:max	16	static
../Core/Src/main.c:98:6:HAL_TIM_PeriodElapsedCallback	16	static
../Core/Src/main.c:125:5:main	8	static
../Core/Src/main.c:187:6:SystemClock_Config	88	static
../Core/Src/main.c:234:13:MX_ADC1_Init	24	static
../Core/Src/main.c:281:13:MX_TIM2_Init	48	static
../Core/Src/main.c:335:13:MX_TIM3_Init	56	static
../Core/Src/main.c:384:13:MX_TIM4_Init	56	static
../Core/Src/main.c:433:13:MX_GPIO_Init	40	static
../Core/Src/main.c:472:6:ADC1_Select_CH1	24	static
../Core/Src/main.c:502:6:Error_Handler	4	static,ignoring_inline_asm
